../Core/Src/stm32l4xx_it.c:103:6:NMI_Handler	4	static
../Core/Src/stm32l4xx_it.c:116:6:HardFault_Handler	4	static
../Core/Src/stm32l4xx_it.c:129:6:MemManage_Handler	4	static
../Core/Src/stm32l4xx_it.c:142:6:BusFault_Handler	4	static
../Core/Src/stm32l4xx_it.c:155:6:UsageFault_Handler	4	static
../Core/Src/stm32l4xx_it.c:168:6:SVC_Handler	4	static
../Core/Src/stm32l4xx_it.c:180:6:DebugMon_Handler	4	static
../Core/Src/stm32l4xx_it.c:192:6:PendSV_Handler	4	static
../Core/Src/stm32l4xx_it.c:204:6:SysTick_Handler	8	static
