15:29:11 **** Incremental Build of configuration Debug for project lab4_3 ****
make -j8 all 
arm-none-eabi-gcc "../Core/Src/main.c" -mcpu=cortex-m4 -std=gnu11 -g3 -DDEBUG -DUSE_HAL_DRIVER -DSTM32L496xx -c -I../Core/Inc -I../Drivers/STM32L4xx_HAL_Driver/Inc -I../Drivers/STM32L4xx_HAL_Driver/Inc/Legacy -I../Drivers/CMSIS/Device/ST/STM32L4xx/Include -I../Drivers/CMSIS/Include -O0 -ffunction-sections -fdata-sections -Wall -fstack-usage -MMD -MP -MF"Core/Src/main.d" -MT"Core/Src/main.o" --specs=nano.specs -mfpu=fpv4-sp-d16 -mfloat-abi=hard -mthumb -o "Core/Src/main.o"
arm-none-eabi-gcc -o "lab4_3.elf" @"objects.list"   -mcpu=cortex-m4 -T"C:\Users\blasz\work\studia\sem5\sw\lab4_3\STM32L496ZGTX_FLASH.ld" --specs=nosys.specs -Wl,-Map="lab4_3.map" -Wl,--gc-sections -static --specs=nano.specs -mfpu=fpv4-sp-d16 -mfloat-abi=hard -mthumb -Wl,--start-group -lc -lm -Wl,--end-group
Finished building target: lab4_3.elf
 
arm-none-eabi-size   lab4_3.elf 
arm-none-eabi-objdump -h -S  lab4_3.elf  > "lab4_3.list"
   text	   data	    bss	    dec	    hex	filename
  11000	     32	   1664	  12696	   3198	lab4_3.elf
Finished building: default.size.stdout
 
Finished building: lab4_3.list
 

15:29:16 Build Finished. 0 errors, 0 warnings. (took 4s.858ms)

