15:41:22 **** Incremental Build of configuration Debug for project lab5 ****
make -j8 all 
arm-none-eabi-gcc "../Core/Src/main.c" -mcpu=cortex-m4 -std=gnu11 -g3 -DDEBUG -DUSE_HAL_DRIVER -DSTM32L496xx -c -I../Core/Inc -I../Drivers/STM32L4xx_HAL_Driver/Inc -I../Drivers/STM32L4xx_HAL_Driver/Inc/Legacy -I../Drivers/CMSIS/Device/ST/STM32L4xx/Include -I../Drivers/CMSIS/Include -O0 -ffunction-sections -fdata-sections -Wall -fstack-usage -MMD -MP -MF"Core/Src/main.d" -MT"Core/Src/main.o" --specs=nano.specs -mfpu=fpv4-sp-d16 -mfloat-abi=hard -mthumb -o "Core/Src/main.o"
arm-none-eabi-gcc -o "lab5.elf" @"objects.list"   -mcpu=cortex-m4 -T"C:\Users\blasz\work\studia\sem5\sw\lab5\STM32L496ZGTX_FLASH.ld" --specs=nosys.specs -Wl,-Map="lab5.map" -Wl,--gc-sections -static --specs=nano.specs -mfpu=fpv4-sp-d16 -mfloat-abi=hard -mthumb -Wl,--start-group -lc -lm -Wl,--end-group
Finished building target: lab5.elf
 
arm-none-eabi-size   lab5.elf 
arm-none-eabi-objdump -h -S  lab5.elf  > "lab5.list"
   text	   data	    bss	    dec	    hex	filename
  16524	     24	   1752	  18300	   477c	lab5.elf
Finished building: default.size.stdout
 
Finished building: lab5.list
 

15:41:26 Build Finished. 0 errors, 0 warnings. (took 3s.624ms)

